// Jest Snapshot v1, https://goo.gl/fbAQLP

exports[`should render NotFound correclty 1`] = `
<div>
  404 - 
  <Link
    to="/"
  >
    Go to Home Page
  </Link>
</div>
`;
